<?xml version="1.0" encoding="utf-8"?><testsuites name="pytest tests"><testsuite name="pytest" errors="0" failures="0" skipped="0" tests="1" time="4.700" timestamp="2026-04-07T20:02:57.871048+03:00" hostname="DESKTOP-AUS4BPU"><testcase classname="module_4.module_4_tests.TestGithub" name="test_graph" time="4.601" /></testsuite></testsuites>